// Jest Snapshot v1, https://goo.gl/fbAQLP

exports[`<Heading /> should render and match snapshot with basic config 1`] = `
<h1
  className="a-heading a-heading--h1"
>
  title
</h1>
`;
